{
  "Entries": [
    {
      "RequestUri": "/subscriptions/e2f361f0-3b27-4503-a9cc-21cfba380093/resourcegroups/Default-ServiceBus-WestUS?api-version=2016-02-01",
      "EncodedRequestUri": "L3N1YnNjcmlwdGlvbnMvZTJmMzYxZjAtM2IyNy00NTAzLWE5Y2MtMjFjZmJhMzgwMDkzL3Jlc291cmNlZ3JvdXBzL0RlZmF1bHQtU2VydmljZUJ1cy1XZXN0VVM/YXBpLXZlcnNpb249MjAxNi0wMi0wMQ==",
      "RequestMethod": "PUT",
      "RequestBody": "{\r\n  \"location\": \"West US\"\r\n}",
      "RequestHeaders": {
        "Content-Type": [
          "application/json; charset=utf-8"
        ],
        "Content-Length": [
          "29"
        ],
        "User-Agent": [
          "Microsoft.Azure.Management.Resources.ResourceManagementClient/2.0.0.0"
        ]
      },
      "ResponseBody": "{\r\n  \"id\": \"/subscriptions/e2f361f0-3b27-4503-a9cc-21cfba380093/resourceGroups/Default-ServiceBus-WestUS\",\r\n  \"name\": \"Default-ServiceBus-WestUS\",\r\n  \"location\": \"westus\",\r\n  \"properties\": {\r\n    \"provisioningState\": \"Succeeded\"\r\n  }\r\n}",
      "ResponseHeaders": {
        "Content-Length": [
          "203"
        ],
        "Content-Type": [
          "application/json; charset=utf-8"
        ],
        "Expires": [
          "-1"
        ],
        "Pragma": [
          "no-cache"
        ],
        "x-ms-ratelimit-remaining-subscription-writes": [
          "1199"
        ],
        "x-ms-request-id": [
          "52b2c687-274c-44e3-86c3-a6fde780dad8"
        ],
        "x-ms-correlation-request-id": [
          "52b2c687-274c-44e3-86c3-a6fde780dad8"
        ],
        "x-ms-routing-request-id": [
          "CENTRALUS:20161018T062624Z:52b2c687-274c-44e3-86c3-a6fde780dad8"
        ],
        "Strict-Transport-Security": [
          "max-age=31536000; includeSubDomains"
        ],
        "Cache-Control": [
          "no-cache"
        ],
        "Date": [
          "Tue, 18 Oct 2016 06:26:23 GMT"
        ]
      },
      "StatusCode": 200
    },
    {
      "RequestUri": "/subscriptions/e2f361f0-3b27-4503-a9cc-21cfba380093/resourceGroups/Default-ServiceBus-WestUS/providers/Microsoft.EventHub/namespaces/pwr-Evnt-Namespace?api-version=2015-08-01",
      "EncodedRequestUri": "L3N1YnNjcmlwdGlvbnMvZTJmMzYxZjAtM2IyNy00NTAzLWE5Y2MtMjFjZmJhMzgwMDkzL3Jlc291cmNlR3JvdXBzL0RlZmF1bHQtU2VydmljZUJ1cy1XZXN0VVMvcHJvdmlkZXJzL01pY3Jvc29mdC5FdmVudEh1Yi9uYW1lc3BhY2VzL3B3ci1Fdm50LU5hbWVzcGFjZT9hcGktdmVyc2lvbj0yMDE1LTA4LTAx",
      "RequestMethod": "PUT",
      "RequestBody": "{\r\n  \"location\": \"West US\"\r\n}",
      "RequestHeaders": {
        "Content-Type": [
          "application/json; charset=utf-8"
        ],
        "Content-Length": [
          "29"
        ],
        "x-ms-client-request-id": [
          "86e72288-fec6-480c-998f-7d40d98efe90"
        ],
        "accept-language": [
          "en-US"
        ],
        "User-Agent": [
          "Microsoft.Azure.Management.EventHub.EventHubManagementClient/0.0.1-preview"
        ]
      },
      "ResponseBody": "{\r\n  \"id\": \"/subscriptions/e2f361f0-3b27-4503-a9cc-21cfba380093/resourceGroups/Default-ServiceBus-WestUS/providers/Microsoft.EventHub/namespaces/pwr-Evnt-Namespace\",\r\n  \"name\": \"pwr-Evnt-Namespace\",\r\n  \"type\": \"Microsoft.EventHub/namespaces\",\r\n  \"location\": \"West US\",\r\n  \"kind\": \"EventHub\",\r\n  \"tags\": null,\r\n  \"properties\": {\r\n    \"provisioningState\": \"Unknown\",\r\n    \"metricId\": \"e2f361f0-3b27-4503-a9cc-21cfba380093:pwr-Evnt-Namespace\",\r\n    \"enabled\": false,\r\n    \"namespaceType\": \"EventHub\",\r\n    \"messagingSku\": 2\r\n  }\r\n}",
      "ResponseHeaders": {
        "Content-Length": [
          "452"
        ],
        "Content-Type": [
          "application/json; charset=utf-8"
        ],
        "Expires": [
          "-1"
        ],
        "Pragma": [
          "no-cache"
        ],
        "x-ms-request-id": [
          "76a952f6-b9b6-46f9-a92a-19dd95d990d6_M3_M3"
        ],
        "Server-SB": [
          "Service-Bus-Resource-Provider/SN1"
        ],
        "Cache-Control": [
          "no-cache"
        ],
        "Server": [
          "Service-Bus-Resource-Provider/SN1",
          "Microsoft-HTTPAPI/2.0"
        ],
        "x-ms-ratelimit-remaining-subscription-writes": [
          "1199"
        ],
        "x-ms-correlation-request-id": [
          "18e58a1b-232d-4435-9111-5163f0e8bfa6"
        ],
        "x-ms-routing-request-id": [
          "CENTRALUS:20161018T062625Z:18e58a1b-232d-4435-9111-5163f0e8bfa6"
        ],
        "Strict-Transport-Security": [
          "max-age=31536000; includeSubDomains"
        ],
        "Date": [
          "Tue, 18 Oct 2016 06:26:24 GMT"
        ]
      },
      "StatusCode": 200
    },
    {
      "RequestUri": "/subscriptions/e2f361f0-3b27-4503-a9cc-21cfba380093/resourceGroups/Default-ServiceBus-WestUS/providers/Microsoft.EventHub/namespaces/pwr-Evnt-Namespace?api-version=2015-08-01",
      "EncodedRequestUri": "L3N1YnNjcmlwdGlvbnMvZTJmMzYxZjAtM2IyNy00NTAzLWE5Y2MtMjFjZmJhMzgwMDkzL3Jlc291cmNlR3JvdXBzL0RlZmF1bHQtU2VydmljZUJ1cy1XZXN0VVMvcHJvdmlkZXJzL01pY3Jvc29mdC5FdmVudEh1Yi9uYW1lc3BhY2VzL3B3ci1Fdm50LU5hbWVzcGFjZT9hcGktdmVyc2lvbj0yMDE1LTA4LTAx",
      "RequestMethod": "GET",
      "RequestBody": "",
      "RequestHeaders": {
        "User-Agent": [
          "Microsoft.Azure.Management.EventHub.EventHubManagementClient/0.0.1-preview"
        ]
      },
      "ResponseBody": "{\r\n  \"id\": \"/subscriptions/e2f361f0-3b27-4503-a9cc-21cfba380093/resourceGroups/Default-ServiceBus-WestUS/providers/Microsoft.EventHub/namespaces/pwr-Evnt-Namespace\",\r\n  \"name\": \"pwr-Evnt-Namespace\",\r\n  \"type\": \"Microsoft.EventHub/namespaces\",\r\n  \"location\": \"West US\",\r\n  \"kind\": \"EventHub\",\r\n  \"sku\": {\r\n    \"name\": \"Standard\",\r\n    \"tier\": \"Standard\",\r\n    \"capacity\": 1\r\n  },\r\n  \"tags\": {},\r\n  \"properties\": {\r\n    \"provisioningState\": \"Succeeded\",\r\n    \"metricId\": \"e2f361f0-3b27-4503-a9cc-21cfba380093:pwr-Evnt-Namespace\",\r\n    \"status\": \"Active\",\r\n    \"createdAt\": \"2016-10-18T06:26:24.993Z\",\r\n    \"serviceBusEndpoint\": \"https://pwr-Evnt-Namespace.servicebus.windows.net:443/\",\r\n    \"enabled\": true,\r\n    \"critical\": false,\r\n    \"updatedAt\": \"2016-10-18T06:26:49.047Z\",\r\n    \"eventHubEnabled\": true,\r\n    \"namespaceType\": \"EventHub\",\r\n    \"messagingSku\": 2\r\n  }\r\n}",
      "ResponseHeaders": {
        "Content-Length": [
          "722"
        ],
        "Content-Type": [
          "application/json; charset=utf-8"
        ],
        "Expires": [
          "-1"
        ],
        "Pragma": [
          "no-cache"
        ],
        "x-ms-request-id": [
          "dc83790b-c702-4cc3-b7ee-fb9b3302eeb2_M3_M3"
        ],
        "Server-SB": [
          "Service-Bus-Resource-Provider/SN1"
        ],
        "Cache-Control": [
          "no-cache"
        ],
        "Server": [
          "Service-Bus-Resource-Provider/SN1",
          "Microsoft-HTTPAPI/2.0"
        ],
        "x-ms-ratelimit-remaining-subscription-reads": [
          "14989"
        ],
        "x-ms-correlation-request-id": [
          "b58f75a0-d403-48cc-9ed7-25aa4eb70533"
        ],
        "x-ms-routing-request-id": [
          "CENTRALUS:20161018T062655Z:b58f75a0-d403-48cc-9ed7-25aa4eb70533"
        ],
        "Strict-Transport-Security": [
          "max-age=31536000; includeSubDomains"
        ],
        "Date": [
          "Tue, 18 Oct 2016 06:26:55 GMT"
        ]
      },
      "StatusCode": 200
    },
    {
      "RequestUri": "/subscriptions/e2f361f0-3b27-4503-a9cc-21cfba380093/resourceGroups/Default-ServiceBus-WestUS/providers/Microsoft.EventHub/namespaces/pwr-Evnt-Namespace?api-version=2015-08-01",
      "EncodedRequestUri": "L3N1YnNjcmlwdGlvbnMvZTJmMzYxZjAtM2IyNy00NTAzLWE5Y2MtMjFjZmJhMzgwMDkzL3Jlc291cmNlR3JvdXBzL0RlZmF1bHQtU2VydmljZUJ1cy1XZXN0VVMvcHJvdmlkZXJzL01pY3Jvc29mdC5FdmVudEh1Yi9uYW1lc3BhY2VzL3B3ci1Fdm50LU5hbWVzcGFjZT9hcGktdmVyc2lvbj0yMDE1LTA4LTAx",
      "RequestMethod": "GET",
      "RequestBody": "",
      "RequestHeaders": {
        "x-ms-client-request-id": [
          "dcf4dbe0-bce7-49b3-a798-da3ed134b982"
        ],
        "accept-language": [
          "en-US"
        ],
        "User-Agent": [
          "Microsoft.Azure.Management.EventHub.EventHubManagementClient/0.0.1-preview"
        ]
      },
      "ResponseBody": "{\r\n  \"id\": \"/subscriptions/e2f361f0-3b27-4503-a9cc-21cfba380093/resourceGroups/Default-ServiceBus-WestUS/providers/Microsoft.EventHub/namespaces/pwr-Evnt-Namespace\",\r\n  \"name\": \"pwr-Evnt-Namespace\",\r\n  \"type\": \"Microsoft.EventHub/namespaces\",\r\n  \"location\": \"West US\",\r\n  \"kind\": \"EventHub\",\r\n  \"sku\": {\r\n    \"name\": \"Standard\",\r\n    \"tier\": \"Standard\",\r\n    \"capacity\": 1\r\n  },\r\n  \"tags\": {},\r\n  \"properties\": {\r\n    \"provisioningState\": \"Succeeded\",\r\n    \"metricId\": \"e2f361f0-3b27-4503-a9cc-21cfba380093:pwr-Evnt-Namespace\",\r\n    \"status\": \"Active\",\r\n    \"createdAt\": \"2016-10-18T06:26:24.993Z\",\r\n    \"serviceBusEndpoint\": \"https://pwr-Evnt-Namespace.servicebus.windows.net:443/\",\r\n    \"enabled\": true,\r\n    \"critical\": false,\r\n    \"updatedAt\": \"2016-10-18T06:26:49.047Z\",\r\n    \"eventHubEnabled\": true,\r\n    \"namespaceType\": \"EventHub\",\r\n    \"messagingSku\": 2\r\n  }\r\n}",
      "ResponseHeaders": {
        "Content-Length": [
          "722"
        ],
        "Content-Type": [
          "application/json; charset=utf-8"
        ],
        "Expires": [
          "-1"
        ],
        "Pragma": [
          "no-cache"
        ],
        "x-ms-request-id": [
          "e5e1df96-9364-454a-99f6-cd3d89b66498_M3_M3"
        ],
        "Server-SB": [
          "Service-Bus-Resource-Provider/SN1"
        ],
        "Cache-Control": [
          "no-cache"
        ],
        "Server": [
          "Service-Bus-Resource-Provider/SN1",
          "Microsoft-HTTPAPI/2.0"
        ],
        "x-ms-ratelimit-remaining-subscription-reads": [
          "14988"
        ],
        "x-ms-correlation-request-id": [
          "ae14a3dc-c6bf-42f6-8ec4-35ec7f77f47b"
        ],
        "x-ms-routing-request-id": [
          "CENTRALUS:20161018T062710Z:ae14a3dc-c6bf-42f6-8ec4-35ec7f77f47b"
        ],
        "Strict-Transport-Security": [
          "max-age=31536000; includeSubDomains"
        ],
        "Date": [
          "Tue, 18 Oct 2016 06:27:10 GMT"
        ]
      },
      "StatusCode": 200
    },
    {
      "RequestUri": "/subscriptions/e2f361f0-3b27-4503-a9cc-21cfba380093/resourceGroups/Default-ServiceBus-WestUS/providers/Microsoft.EventHub/namespaces/pwr-Evnt-Namespace/eventhubs/EventHub11?api-version=2015-08-01",
      "EncodedRequestUri": "L3N1YnNjcmlwdGlvbnMvZTJmMzYxZjAtM2IyNy00NTAzLWE5Y2MtMjFjZmJhMzgwMDkzL3Jlc291cmNlR3JvdXBzL0RlZmF1bHQtU2VydmljZUJ1cy1XZXN0VVMvcHJvdmlkZXJzL01pY3Jvc29mdC5FdmVudEh1Yi9uYW1lc3BhY2VzL3B3ci1Fdm50LU5hbWVzcGFjZS9ldmVudGh1YnMvRXZlbnRIdWIxMT9hcGktdmVyc2lvbj0yMDE1LTA4LTAx",
      "RequestMethod": "PUT",
      "RequestBody": "{\r\n  \"location\": \"West US\",\r\n  \"name\": \"EventHub11\",\r\n  \"properties\": {\r\n    \"messageRetentionInDays\": 5,\r\n    \"partitionCount\": 3,\r\n    \"partitionIds\": [\r\n      12,\r\n      13,\r\n      14\r\n    ],\r\n    \"status\": \"Active\"\r\n  }\r\n}",
      "RequestHeaders": {
        "Content-Type": [
          "application/json; charset=utf-8"
        ],
        "Content-Length": [
          "226"
        ],
        "x-ms-client-request-id": [
          "f222fd83-405b-4ac5-8846-3beb8117daf6"
        ],
        "accept-language": [
          "en-US"
        ],
        "User-Agent": [
          "Microsoft.Azure.Management.EventHub.EventHubManagementClient/0.0.1-preview"
        ]
      },
      "ResponseBody": "{\r\n  \"id\": \"/subscriptions/e2f361f0-3b27-4503-a9cc-21cfba380093/resourceGroups/Default-ServiceBus-WestUS/providers/Microsoft.EventHub/namespaces/pwr-Evnt-Namespace/eventhubs/EventHub11\",\r\n  \"name\": \"EventHub11\",\r\n  \"type\": \"Microsoft.EventHub/EventHubs\",\r\n  \"location\": \"West US\",\r\n  \"tags\": null,\r\n  \"properties\": {\r\n    \"messageRetentionInDays\": 5,\r\n    \"status\": \"Active\",\r\n    \"createdAt\": \"2016-10-18T06:27:11.377\",\r\n    \"updatedAt\": \"2016-10-18T06:27:11.643\",\r\n    \"partitionCount\": 3,\r\n    \"partitionIds\": [\r\n      \"0\",\r\n      \"1\",\r\n      \"2\"\r\n    ]\r\n  }\r\n}",
      "ResponseHeaders": {
        "Content-Length": [
          "456"
        ],
        "Content-Type": [
          "application/json; charset=utf-8"
        ],
        "Expires": [
          "-1"
        ],
        "Pragma": [
          "no-cache"
        ],
        "x-ms-request-id": [
          "5b2060fa-10d3-4b3d-8e1d-bd1d3fecc236_M3_M3"
        ],
        "Server-SB": [
          "Service-Bus-Resource-Provider/SN1"
        ],
        "Cache-Control": [
          "no-cache"
        ],
        "Server": [
          "Service-Bus-Resource-Provider/SN1",
          "Microsoft-HTTPAPI/2.0"
        ],
        "x-ms-ratelimit-remaining-subscription-writes": [
          "1198"
        ],
        "x-ms-correlation-request-id": [
          "e3083bcf-3d80-4c55-970a-9049f5faa14c"
        ],
        "x-ms-routing-request-id": [
          "CENTRALUS:20161018T062718Z:e3083bcf-3d80-4c55-970a-9049f5faa14c"
        ],
        "Strict-Transport-Security": [
          "max-age=31536000; includeSubDomains"
        ],
        "Date": [
          "Tue, 18 Oct 2016 06:27:17 GMT"
        ]
      },
      "StatusCode": 200
    },
    {
      "RequestUri": "/subscriptions/e2f361f0-3b27-4503-a9cc-21cfba380093/resourceGroups/Default-ServiceBus-WestUS/providers/Microsoft.EventHub/namespaces/pwr-Evnt-Namespace/eventhubs/EventHub11?api-version=2015-08-01",
      "EncodedRequestUri": "L3N1YnNjcmlwdGlvbnMvZTJmMzYxZjAtM2IyNy00NTAzLWE5Y2MtMjFjZmJhMzgwMDkzL3Jlc291cmNlR3JvdXBzL0RlZmF1bHQtU2VydmljZUJ1cy1XZXN0VVMvcHJvdmlkZXJzL01pY3Jvc29mdC5FdmVudEh1Yi9uYW1lc3BhY2VzL3B3ci1Fdm50LU5hbWVzcGFjZS9ldmVudGh1YnMvRXZlbnRIdWIxMT9hcGktdmVyc2lvbj0yMDE1LTA4LTAx",
      "RequestMethod": "GET",
      "RequestBody": "",
      "RequestHeaders": {
        "x-ms-client-request-id": [
          "113bb22a-9713-46a0-b203-e3730baf172a"
        ],
        "accept-language": [
          "en-US"
        ],
        "User-Agent": [
          "Microsoft.Azure.Management.EventHub.EventHubManagementClient/0.0.1-preview"
        ]
      },
      "ResponseBody": "{\r\n  \"id\": \"/subscriptions/e2f361f0-3b27-4503-a9cc-21cfba380093/resourceGroups/Default-ServiceBus-WestUS/providers/Microsoft.EventHub/namespaces/pwr-Evnt-Namespace/eventhubs/EventHub11\",\r\n  \"name\": \"EventHub11\",\r\n  \"type\": \"Microsoft.EventHub/EventHubs\",\r\n  \"location\": \"West US\",\r\n  \"tags\": null,\r\n  \"properties\": {\r\n    \"messageRetentionInDays\": 5,\r\n    \"status\": \"Active\",\r\n    \"createdAt\": \"2016-10-18T06:27:11.377\",\r\n    \"updatedAt\": \"2016-10-18T06:27:11.643\",\r\n    \"partitionCount\": 3,\r\n    \"partitionIds\": [\r\n      \"0\",\r\n      \"1\",\r\n      \"2\"\r\n    ]\r\n  }\r\n}",
      "ResponseHeaders": {
        "Content-Length": [
          "456"
        ],
        "Content-Type": [
          "application/json; charset=utf-8"
        ],
        "Expires": [
          "-1"
        ],
        "Pragma": [
          "no-cache"
        ],
        "x-ms-request-id": [
          "5e12edc6-8fe8-4755-97e0-e672f49911ca_M3_M3"
        ],
        "Server-SB": [
          "Service-Bus-Resource-Provider/SN1"
        ],
        "Cache-Control": [
          "no-cache"
        ],
        "Server": [
          "Service-Bus-Resource-Provider/SN1",
          "Microsoft-HTTPAPI/2.0"
        ],
        "x-ms-ratelimit-remaining-subscription-reads": [
          "14987"
        ],
        "x-ms-correlation-request-id": [
          "ded5afec-5d49-4785-b394-77d5a6cd7540"
        ],
        "x-ms-routing-request-id": [
          "CENTRALUS:20161018T062718Z:ded5afec-5d49-4785-b394-77d5a6cd7540"
        ],
        "Strict-Transport-Security": [
          "max-age=31536000; includeSubDomains"
        ],
        "Date": [
          "Tue, 18 Oct 2016 06:27:18 GMT"
        ]
      },
      "StatusCode": 200
    },
    {
      "RequestUri": "/subscriptions/e2f361f0-3b27-4503-a9cc-21cfba380093/resourceGroups/Default-ServiceBus-WestUS/providers/Microsoft.EventHub/namespaces/pwr-Evnt-Namespace/eventhubs/EventHub11/authorizationRules/TestAuthRule?api-version=2015-08-01",
      "EncodedRequestUri": "L3N1YnNjcmlwdGlvbnMvZTJmMzYxZjAtM2IyNy00NTAzLWE5Y2MtMjFjZmJhMzgwMDkzL3Jlc291cmNlR3JvdXBzL0RlZmF1bHQtU2VydmljZUJ1cy1XZXN0VVMvcHJvdmlkZXJzL01pY3Jvc29mdC5FdmVudEh1Yi9uYW1lc3BhY2VzL3B3ci1Fdm50LU5hbWVzcGFjZS9ldmVudGh1YnMvRXZlbnRIdWIxMS9hdXRob3JpemF0aW9uUnVsZXMvVGVzdEF1dGhSdWxlP2FwaS12ZXJzaW9uPTIwMTUtMDgtMDE=",
      "RequestMethod": "PUT",
      "RequestBody": "{\r\n  \"name\": \"TestAuthRule\",\r\n  \"properties\": {\r\n    \"rights\": [\r\n      \"Send\",\r\n      \"Listen\"\r\n    ]\r\n  }\r\n}",
      "RequestHeaders": {
        "Content-Type": [
          "application/json; charset=utf-8"
        ],
        "Content-Length": [
          "110"
        ],
        "x-ms-client-request-id": [
          "30eb7de8-0700-498f-8a0a-296b72f36a8e"
        ],
        "accept-language": [
          "en-US"
        ],
        "User-Agent": [
          "Microsoft.Azure.Management.EventHub.EventHubManagementClient/0.0.1-preview"
        ]
      },
      "ResponseBody": "{\r\n  \"id\": \"/subscriptions/e2f361f0-3b27-4503-a9cc-21cfba380093/resourceGroups/Default-ServiceBus-WestUS/providers/Microsoft.EventHub/namespaces/pwr-Evnt-Namespace/eventhubs/EventHub11/authorizationRules/TestAuthRule\",\r\n  \"name\": \"TestAuthRule\",\r\n  \"type\": \"Microsoft.EventHub/AuthorizationRules\",\r\n  \"location\": \"West US\",\r\n  \"tags\": null,\r\n  \"properties\": {\r\n    \"rights\": [\r\n      \"Send\",\r\n      \"Listen\"\r\n    ]\r\n  }\r\n}",
      "ResponseHeaders": {
        "Content-Length": [
          "357"
        ],
        "Content-Type": [
          "application/json; charset=utf-8"
        ],
        "Expires": [
          "-1"
        ],
        "Pragma": [
          "no-cache"
        ],
        "x-ms-request-id": [
          "d84ce34b-bb23-4d71-a1af-1e985211855e_M3_M3"
        ],
        "Server-SB": [
          "Service-Bus-Resource-Provider/SN1"
        ],
        "Cache-Control": [
          "no-cache"
        ],
        "Server": [
          "Service-Bus-Resource-Provider/SN1",
          "Microsoft-HTTPAPI/2.0"
        ],
        "x-ms-ratelimit-remaining-subscription-writes": [
          "1197"
        ],
        "x-ms-correlation-request-id": [
          "4dbd7c77-06b5-43fc-91ea-4209f8080c2a"
        ],
        "x-ms-routing-request-id": [
          "CENTRALUS:20161018T062724Z:4dbd7c77-06b5-43fc-91ea-4209f8080c2a"
        ],
        "Strict-Transport-Security": [
          "max-age=31536000; includeSubDomains"
        ],
        "Date": [
          "Tue, 18 Oct 2016 06:27:23 GMT"
        ]
      },
      "StatusCode": 200
    },
    {
      "RequestUri": "/subscriptions/e2f361f0-3b27-4503-a9cc-21cfba380093/resourceGroups/Default-ServiceBus-WestUS/providers/Microsoft.EventHub/namespaces/pwr-Evnt-Namespace/eventhubs/EventHub11/authorizationRules/TestAuthRule?api-version=2015-08-01",
      "EncodedRequestUri": "L3N1YnNjcmlwdGlvbnMvZTJmMzYxZjAtM2IyNy00NTAzLWE5Y2MtMjFjZmJhMzgwMDkzL3Jlc291cmNlR3JvdXBzL0RlZmF1bHQtU2VydmljZUJ1cy1XZXN0VVMvcHJvdmlkZXJzL01pY3Jvc29mdC5FdmVudEh1Yi9uYW1lc3BhY2VzL3B3ci1Fdm50LU5hbWVzcGFjZS9ldmVudGh1YnMvRXZlbnRIdWIxMS9hdXRob3JpemF0aW9uUnVsZXMvVGVzdEF1dGhSdWxlP2FwaS12ZXJzaW9uPTIwMTUtMDgtMDE=",
      "RequestMethod": "PUT",
      "RequestBody": "{\r\n  \"name\": \"TestAuthRule\",\r\n  \"properties\": {\r\n    \"rights\": [\r\n      \"Send\",\r\n      \"Listen\",\r\n      \"Manage\"\r\n    ]\r\n  }\r\n}",
      "RequestHeaders": {
        "Content-Type": [
          "application/json; charset=utf-8"
        ],
        "Content-Length": [
          "127"
        ],
        "x-ms-client-request-id": [
          "dc06eaaf-4f74-46e4-a27a-e6d070edd252"
        ],
        "accept-language": [
          "en-US"
        ],
        "User-Agent": [
          "Microsoft.Azure.Management.EventHub.EventHubManagementClient/0.0.1-preview"
        ]
      },
      "ResponseBody": "{\r\n  \"id\": \"/subscriptions/e2f361f0-3b27-4503-a9cc-21cfba380093/resourceGroups/Default-ServiceBus-WestUS/providers/Microsoft.EventHub/namespaces/pwr-Evnt-Namespace/eventhubs/EventHub11/authorizationRules/TestAuthRule\",\r\n  \"name\": \"TestAuthRule\",\r\n  \"type\": \"Microsoft.EventHub/AuthorizationRules\",\r\n  \"location\": \"West US\",\r\n  \"tags\": null,\r\n  \"properties\": {\r\n    \"rights\": [\r\n      \"Send\",\r\n      \"Listen\",\r\n      \"Manage\"\r\n    ]\r\n  }\r\n}",
      "ResponseHeaders": {
        "Content-Length": [
          "366"
        ],
        "Content-Type": [
          "application/json; charset=utf-8"
        ],
        "Expires": [
          "-1"
        ],
        "Pragma": [
          "no-cache"
        ],
        "x-ms-request-id": [
          "728e2ea7-6f9c-4665-ba1f-69e4a9dd1b3f_M3_M3"
        ],
        "Server-SB": [
          "Service-Bus-Resource-Provider/SN1"
        ],
        "Cache-Control": [
          "no-cache"
        ],
        "Server": [
          "Service-Bus-Resource-Provider/SN1",
          "Microsoft-HTTPAPI/2.0"
        ],
        "x-ms-ratelimit-remaining-subscription-writes": [
          "1196"
        ],
        "x-ms-correlation-request-id": [
          "6846b7f3-b1f6-4256-a9bb-c0905f5fc465"
        ],
        "x-ms-routing-request-id": [
          "CENTRALUS:20161018T062744Z:6846b7f3-b1f6-4256-a9bb-c0905f5fc465"
        ],
        "Strict-Transport-Security": [
          "max-age=31536000; includeSubDomains"
        ],
        "Date": [
          "Tue, 18 Oct 2016 06:27:44 GMT"
        ]
      },
      "StatusCode": 200
    },
    {
      "RequestUri": "/subscriptions/e2f361f0-3b27-4503-a9cc-21cfba380093/resourceGroups/Default-ServiceBus-WestUS/providers/Microsoft.EventHub/namespaces/pwr-Evnt-Namespace/eventhubs/EventHub11/authorizationRules/TestAuthRule?api-version=2015-08-01",
      "EncodedRequestUri": "L3N1YnNjcmlwdGlvbnMvZTJmMzYxZjAtM2IyNy00NTAzLWE5Y2MtMjFjZmJhMzgwMDkzL3Jlc291cmNlR3JvdXBzL0RlZmF1bHQtU2VydmljZUJ1cy1XZXN0VVMvcHJvdmlkZXJzL01pY3Jvc29mdC5FdmVudEh1Yi9uYW1lc3BhY2VzL3B3ci1Fdm50LU5hbWVzcGFjZS9ldmVudGh1YnMvRXZlbnRIdWIxMS9hdXRob3JpemF0aW9uUnVsZXMvVGVzdEF1dGhSdWxlP2FwaS12ZXJzaW9uPTIwMTUtMDgtMDE=",
      "RequestMethod": "GET",
      "RequestBody": "",
      "RequestHeaders": {
        "x-ms-client-request-id": [
          "efb08998-647b-4b91-a5d4-10e5e6f381c4"
        ],
        "accept-language": [
          "en-US"
        ],
        "User-Agent": [
          "Microsoft.Azure.Management.EventHub.EventHubManagementClient/0.0.1-preview"
        ]
      },
      "ResponseBody": "{\r\n  \"id\": \"/subscriptions/e2f361f0-3b27-4503-a9cc-21cfba380093/resourceGroups/Default-ServiceBus-WestUS/providers/Microsoft.EventHub/namespaces/pwr-Evnt-Namespace/eventhubs/EventHub11/authorizationRules/TestAuthRule\",\r\n  \"name\": \"TestAuthRule\",\r\n  \"type\": \"Microsoft.EventHub/AuthorizationRules\",\r\n  \"location\": \"West US\",\r\n  \"tags\": null,\r\n  \"properties\": {\r\n    \"rights\": [\r\n      \"Send\",\r\n      \"Listen\"\r\n    ]\r\n  }\r\n}",
      "ResponseHeaders": {
        "Content-Length": [
          "357"
        ],
        "Content-Type": [
          "application/json; charset=utf-8"
        ],
        "Expires": [
          "-1"
        ],
        "Pragma": [
          "no-cache"
        ],
        "x-ms-request-id": [
          "2dfcf3ed-649f-42b9-8405-757372c3be30_M3_M3"
        ],
        "Server-SB": [
          "Service-Bus-Resource-Provider/SN1"
        ],
        "Cache-Control": [
          "no-cache"
        ],
        "Server": [
          "Service-Bus-Resource-Provider/SN1",
          "Microsoft-HTTPAPI/2.0"
        ],
        "x-ms-ratelimit-remaining-subscription-reads": [
          "14986"
        ],
        "x-ms-correlation-request-id": [
          "3c7537b3-d5d0-4d2a-978a-958fef248edd"
        ],
        "x-ms-routing-request-id": [
          "CENTRALUS:20161018T062739Z:3c7537b3-d5d0-4d2a-978a-958fef248edd"
        ],
        "Strict-Transport-Security": [
          "max-age=31536000; includeSubDomains"
        ],
        "Date": [
          "Tue, 18 Oct 2016 06:27:38 GMT"
        ]
      },
      "StatusCode": 200
    },
    {
      "RequestUri": "/subscriptions/e2f361f0-3b27-4503-a9cc-21cfba380093/resourceGroups/Default-ServiceBus-WestUS/providers/Microsoft.EventHub/namespaces/pwr-Evnt-Namespace/eventhubs/EventHub11/authorizationRules/TestAuthRule?api-version=2015-08-01",
      "EncodedRequestUri": "L3N1YnNjcmlwdGlvbnMvZTJmMzYxZjAtM2IyNy00NTAzLWE5Y2MtMjFjZmJhMzgwMDkzL3Jlc291cmNlR3JvdXBzL0RlZmF1bHQtU2VydmljZUJ1cy1XZXN0VVMvcHJvdmlkZXJzL01pY3Jvc29mdC5FdmVudEh1Yi9uYW1lc3BhY2VzL3B3ci1Fdm50LU5hbWVzcGFjZS9ldmVudGh1YnMvRXZlbnRIdWIxMS9hdXRob3JpemF0aW9uUnVsZXMvVGVzdEF1dGhSdWxlP2FwaS12ZXJzaW9uPTIwMTUtMDgtMDE=",
      "RequestMethod": "GET",
      "RequestBody": "",
      "RequestHeaders": {
        "x-ms-client-request-id": [
          "132ad126-4fda-47c3-8ee9-e0179446031a"
        ],
        "accept-language": [
          "en-US"
        ],
        "User-Agent": [
          "Microsoft.Azure.Management.EventHub.EventHubManagementClient/0.0.1-preview"
        ]
      },
      "ResponseBody": "{\r\n  \"id\": \"/subscriptions/e2f361f0-3b27-4503-a9cc-21cfba380093/resourceGroups/Default-ServiceBus-WestUS/providers/Microsoft.EventHub/namespaces/pwr-Evnt-Namespace/eventhubs/EventHub11/authorizationRules/TestAuthRule\",\r\n  \"name\": \"TestAuthRule\",\r\n  \"type\": \"Microsoft.EventHub/AuthorizationRules\",\r\n  \"location\": \"West US\",\r\n  \"tags\": null,\r\n  \"properties\": {\r\n    \"rights\": [\r\n      \"Send\",\r\n      \"Listen\",\r\n      \"Manage\"\r\n    ]\r\n  }\r\n}",
      "ResponseHeaders": {
        "Content-Length": [
          "366"
        ],
        "Content-Type": [
          "application/json; charset=utf-8"
        ],
        "Expires": [
          "-1"
        ],
        "Pragma": [
          "no-cache"
        ],
        "x-ms-request-id": [
          "0222dd65-57b8-4d0c-933b-c5c1808c5db5_M3_M3"
        ],
        "Server-SB": [
          "Service-Bus-Resource-Provider/SN1"
        ],
        "Cache-Control": [
          "no-cache"
        ],
        "Server": [
          "Service-Bus-Resource-Provider/SN1",
          "Microsoft-HTTPAPI/2.0"
        ],
        "x-ms-ratelimit-remaining-subscription-reads": [
          "14984"
        ],
        "x-ms-correlation-request-id": [
          "db76b433-0148-4f3c-afae-c811ec8ed122"
        ],
        "x-ms-routing-request-id": [
          "CENTRALUS:20161018T062800Z:db76b433-0148-4f3c-afae-c811ec8ed122"
        ],
        "Strict-Transport-Security": [
          "max-age=31536000; includeSubDomains"
        ],
        "Date": [
          "Tue, 18 Oct 2016 06:28:00 GMT"
        ]
      },
      "StatusCode": 200
    },
    {
      "RequestUri": "/subscriptions/e2f361f0-3b27-4503-a9cc-21cfba380093/resourceGroups/Default-ServiceBus-WestUS/providers/Microsoft.EventHub/namespaces/pwr-Evnt-Namespace/eventhubs/EventHub11/authorizationRules?api-version=2015-08-01",
      "EncodedRequestUri": "L3N1YnNjcmlwdGlvbnMvZTJmMzYxZjAtM2IyNy00NTAzLWE5Y2MtMjFjZmJhMzgwMDkzL3Jlc291cmNlR3JvdXBzL0RlZmF1bHQtU2VydmljZUJ1cy1XZXN0VVMvcHJvdmlkZXJzL01pY3Jvc29mdC5FdmVudEh1Yi9uYW1lc3BhY2VzL3B3ci1Fdm50LU5hbWVzcGFjZS9ldmVudGh1YnMvRXZlbnRIdWIxMS9hdXRob3JpemF0aW9uUnVsZXM/YXBpLXZlcnNpb249MjAxNS0wOC0wMQ==",
      "RequestMethod": "GET",
      "RequestBody": "",
      "RequestHeaders": {
        "x-ms-client-request-id": [
          "4a6cc52e-7441-439b-869b-5ddcc2039650"
        ],
        "accept-language": [
          "en-US"
        ],
        "User-Agent": [
          "Microsoft.Azure.Management.EventHub.EventHubManagementClient/0.0.1-preview"
        ]
      },
      "ResponseBody": "{\r\n  \"value\": [\r\n    {\r\n      \"id\": \"/subscriptions/e2f361f0-3b27-4503-a9cc-21cfba380093/resourceGroups/Default-ServiceBus-WestUS/providers/Microsoft.EventHub/namespaces/pwr-Evnt-Namespace/eventhubs/EventHub11/authorizationRules/TestAuthRule\",\r\n      \"name\": \"TestAuthRule\",\r\n      \"type\": \"Microsoft.EventHub/AuthorizationRules\",\r\n      \"location\": \"West US\",\r\n      \"tags\": null,\r\n      \"properties\": {\r\n        \"rights\": [\r\n          \"Send\",\r\n          \"Listen\"\r\n        ]\r\n      }\r\n    }\r\n  ],\r\n  \"nextLink\": null\r\n}",
      "ResponseHeaders": {
        "Content-Length": [
          "385"
        ],
        "Content-Type": [
          "application/json; charset=utf-8"
        ],
        "Expires": [
          "-1"
        ],
        "Pragma": [
          "no-cache"
        ],
        "x-ms-request-id": [
          "ccab1573-1ff8-4521-8791-8e9b6f9f82d8_M3_M3"
        ],
        "Server-SB": [
          "Service-Bus-Resource-Provider/SN1"
        ],
        "Cache-Control": [
          "no-cache"
        ],
        "Server": [
          "Service-Bus-Resource-Provider/SN1",
          "Microsoft-HTTPAPI/2.0"
        ],
        "x-ms-ratelimit-remaining-subscription-reads": [
          "14985"
        ],
        "x-ms-correlation-request-id": [
          "12e438fd-e433-4785-9f14-4ecaf48e26d4"
        ],
        "x-ms-routing-request-id": [
          "CENTRALUS:20161018T062739Z:12e438fd-e433-4785-9f14-4ecaf48e26d4"
        ],
        "Strict-Transport-Security": [
          "max-age=31536000; includeSubDomains"
        ],
        "Date": [
          "Tue, 18 Oct 2016 06:27:38 GMT"
        ]
      },
      "StatusCode": 200
    },
    {
      "RequestUri": "/subscriptions/e2f361f0-3b27-4503-a9cc-21cfba380093/resourceGroups/Default-ServiceBus-WestUS/providers/Microsoft.EventHub/namespaces/pwr-Evnt-Namespace/eventhubs/EventHub11/authorizationRules/TestAuthRule/ListKeys?api-version=2015-08-01",
      "EncodedRequestUri": "L3N1YnNjcmlwdGlvbnMvZTJmMzYxZjAtM2IyNy00NTAzLWE5Y2MtMjFjZmJhMzgwMDkzL3Jlc291cmNlR3JvdXBzL0RlZmF1bHQtU2VydmljZUJ1cy1XZXN0VVMvcHJvdmlkZXJzL01pY3Jvc29mdC5FdmVudEh1Yi9uYW1lc3BhY2VzL3B3ci1Fdm50LU5hbWVzcGFjZS9ldmVudGh1YnMvRXZlbnRIdWIxMS9hdXRob3JpemF0aW9uUnVsZXMvVGVzdEF1dGhSdWxlL0xpc3RLZXlzP2FwaS12ZXJzaW9uPTIwMTUtMDgtMDE=",
      "RequestMethod": "POST",
      "RequestBody": "",
      "RequestHeaders": {
        "x-ms-client-request-id": [
          "0378df5a-25c8-4530-aa33-8d15f808e563"
        ],
        "accept-language": [
          "en-US"
        ],
        "User-Agent": [
          "Microsoft.Azure.Management.EventHub.EventHubManagementClient/0.0.1-preview"
        ]
      },
      "ResponseBody": "{\r\n  \"primaryConnectionString\": \"Endpoint=sb://pwr-evnt-namespace.servicebus.windows.net/;SharedAccessKeyName=TestAuthRule;SharedAccessKey=EbKwV/OihhpTInExbHReWoURBt7LuBfZb0DziQr71ME=;EntityPath=EventHub11\",\r\n  \"secondaryConnectionString\": \"Endpoint=sb://pwr-evnt-namespace.servicebus.windows.net/;SharedAccessKeyName=TestAuthRule;SharedAccessKey=wpE1gw0hLIriBeRYEjTaU5NzPLcsm3rx5068kz+yHR8=;EntityPath=EventHub11\",\r\n  \"primaryKey\": \"EbKwV/OihhpTInExbHReWoURBt7LuBfZb0DziQr71ME=\",\r\n  \"secondaryKey\": \"wpE1gw0hLIriBeRYEjTaU5NzPLcsm3rx5068kz+yHR8=\",\r\n  \"keyName\": \"TestAuthRule\"\r\n}",
      "ResponseHeaders": {
        "Content-Length": [
          "552"
        ],
        "Content-Type": [
          "application/json; charset=utf-8"
        ],
        "Expires": [
          "-1"
        ],
        "Pragma": [
          "no-cache"
        ],
        "x-ms-request-id": [
          "07946e7b-2171-4ad9-ab8b-ae23993849f8_M3_M3"
        ],
        "Server-SB": [
          "Service-Bus-Resource-Provider/SN1"
        ],
        "Cache-Control": [
          "no-cache"
        ],
        "Server": [
          "Service-Bus-Resource-Provider/SN1",
          "Microsoft-HTTPAPI/2.0"
        ],
        "x-ms-ratelimit-remaining-subscription-writes": [
          "1195"
        ],
        "x-ms-correlation-request-id": [
          "7831f9ee-14db-49dc-a8e3-ae050d3d0749"
        ],
        "x-ms-routing-request-id": [
          "CENTRALUS:20161018T062800Z:7831f9ee-14db-49dc-a8e3-ae050d3d0749"
        ],
        "Strict-Transport-Security": [
          "max-age=31536000; includeSubDomains"
        ],
        "Date": [
          "Tue, 18 Oct 2016 06:28:00 GMT"
        ]
      },
      "StatusCode": 200
    },
    {
      "RequestUri": "/subscriptions/e2f361f0-3b27-4503-a9cc-21cfba380093/resourceGroups/Default-ServiceBus-WestUS/providers/Microsoft.EventHub/namespaces/pwr-Evnt-Namespace/eventhubs/EventHub11/authorizationRules/TestAuthRule/regenerateKeys?api-version=2015-08-01",
      "EncodedRequestUri": "L3N1YnNjcmlwdGlvbnMvZTJmMzYxZjAtM2IyNy00NTAzLWE5Y2MtMjFjZmJhMzgwMDkzL3Jlc291cmNlR3JvdXBzL0RlZmF1bHQtU2VydmljZUJ1cy1XZXN0VVMvcHJvdmlkZXJzL01pY3Jvc29mdC5FdmVudEh1Yi9uYW1lc3BhY2VzL3B3ci1Fdm50LU5hbWVzcGFjZS9ldmVudGh1YnMvRXZlbnRIdWIxMS9hdXRob3JpemF0aW9uUnVsZXMvVGVzdEF1dGhSdWxlL3JlZ2VuZXJhdGVLZXlzP2FwaS12ZXJzaW9uPTIwMTUtMDgtMDE=",
      "RequestMethod": "POST",
      "RequestBody": "{\r\n  \"Policykey\": \"PrimaryKey\"\r\n}",
      "RequestHeaders": {
        "Content-Type": [
          "application/json; charset=utf-8"
        ],
        "Content-Length": [
          "33"
        ],
        "x-ms-client-request-id": [
          "9fa540a3-0d8a-42bd-bf11-3eb9245cdc3a"
        ],
        "accept-language": [
          "en-US"
        ],
        "User-Agent": [
          "Microsoft.Azure.Management.EventHub.EventHubManagementClient/0.0.1-preview"
        ]
      },
      "ResponseBody": "{\r\n  \"primaryConnectionString\": \"Endpoint=sb://pwr-evnt-namespace.servicebus.windows.net/;SharedAccessKeyName=TestAuthRule;SharedAccessKey=5Zx4ATbhrGgGan2hUY+c7upWopns/Q2n2FNtKoBe/dY=;EntityPath=EventHub11\",\r\n  \"secondaryConnectionString\": \"Endpoint=sb://pwr-evnt-namespace.servicebus.windows.net/;SharedAccessKeyName=TestAuthRule;SharedAccessKey=wpE1gw0hLIriBeRYEjTaU5NzPLcsm3rx5068kz+yHR8=;EntityPath=EventHub11\",\r\n  \"primaryKey\": \"5Zx4ATbhrGgGan2hUY+c7upWopns/Q2n2FNtKoBe/dY=\",\r\n  \"secondaryKey\": \"wpE1gw0hLIriBeRYEjTaU5NzPLcsm3rx5068kz+yHR8=\",\r\n  \"keyName\": \"TestAuthRule\"\r\n}",
      "ResponseHeaders": {
        "Content-Length": [
          "552"
        ],
        "Content-Type": [
          "application/json; charset=utf-8"
        ],
        "Expires": [
          "-1"
        ],
        "Pragma": [
          "no-cache"
        ],
        "x-ms-request-id": [
          "85c10662-e53e-4957-92ad-76bbe2841ec1_M3_M3"
        ],
        "Server-SB": [
          "Service-Bus-Resource-Provider/SN1"
        ],
        "Cache-Control": [
          "no-cache"
        ],
        "Server": [
          "Service-Bus-Resource-Provider/SN1",
          "Microsoft-HTTPAPI/2.0"
        ],
        "x-ms-ratelimit-remaining-subscription-writes": [
          "1194"
        ],
        "x-ms-correlation-request-id": [
          "486e7d78-13bc-4ee6-a709-12f351cad84e"
        ],
        "x-ms-routing-request-id": [
          "CENTRALUS:20161018T062801Z:486e7d78-13bc-4ee6-a709-12f351cad84e"
        ],
        "Strict-Transport-Security": [
          "max-age=31536000; includeSubDomains"
        ],
        "Date": [
          "Tue, 18 Oct 2016 06:28:01 GMT"
        ]
      },
      "StatusCode": 200
    },
    {
      "RequestUri": "/subscriptions/e2f361f0-3b27-4503-a9cc-21cfba380093/resourceGroups/Default-ServiceBus-WestUS/providers/Microsoft.EventHub/namespaces/pwr-Evnt-Namespace/eventhubs/EventHub11/authorizationRules/TestAuthRule/regenerateKeys?api-version=2015-08-01",
      "EncodedRequestUri": "L3N1YnNjcmlwdGlvbnMvZTJmMzYxZjAtM2IyNy00NTAzLWE5Y2MtMjFjZmJhMzgwMDkzL3Jlc291cmNlR3JvdXBzL0RlZmF1bHQtU2VydmljZUJ1cy1XZXN0VVMvcHJvdmlkZXJzL01pY3Jvc29mdC5FdmVudEh1Yi9uYW1lc3BhY2VzL3B3ci1Fdm50LU5hbWVzcGFjZS9ldmVudGh1YnMvRXZlbnRIdWIxMS9hdXRob3JpemF0aW9uUnVsZXMvVGVzdEF1dGhSdWxlL3JlZ2VuZXJhdGVLZXlzP2FwaS12ZXJzaW9uPTIwMTUtMDgtMDE=",
      "RequestMethod": "POST",
      "RequestBody": "{\r\n  \"Policykey\": \"SecondaryKey\"\r\n}",
      "RequestHeaders": {
        "Content-Type": [
          "application/json; charset=utf-8"
        ],
        "Content-Length": [
          "35"
        ],
        "x-ms-client-request-id": [
          "76eb13a9-63bf-4515-a7b4-befcbf11b01e"
        ],
        "accept-language": [
          "en-US"
        ],
        "User-Agent": [
          "Microsoft.Azure.Management.EventHub.EventHubManagementClient/0.0.1-preview"
        ]
      },
      "ResponseBody": "{\r\n  \"primaryConnectionString\": \"Endpoint=sb://pwr-evnt-namespace.servicebus.windows.net/;SharedAccessKeyName=TestAuthRule;SharedAccessKey=5Zx4ATbhrGgGan2hUY+c7upWopns/Q2n2FNtKoBe/dY=;EntityPath=EventHub11\",\r\n  \"secondaryConnectionString\": \"Endpoint=sb://pwr-evnt-namespace.servicebus.windows.net/;SharedAccessKeyName=TestAuthRule;SharedAccessKey=bnfOR4vWovaNJi7lvFqvokl5MO8Cb8DlZelePtu+vmA=;EntityPath=EventHub11\",\r\n  \"primaryKey\": \"5Zx4ATbhrGgGan2hUY+c7upWopns/Q2n2FNtKoBe/dY=\",\r\n  \"secondaryKey\": \"bnfOR4vWovaNJi7lvFqvokl5MO8Cb8DlZelePtu+vmA=\",\r\n  \"keyName\": \"TestAuthRule\"\r\n}",
      "ResponseHeaders": {
        "Content-Length": [
          "552"
        ],
        "Content-Type": [
          "application/json; charset=utf-8"
        ],
        "Expires": [
          "-1"
        ],
        "Pragma": [
          "no-cache"
        ],
        "x-ms-request-id": [
          "144c25fb-b135-46bf-91c2-cab9b0914fbe_M3_M3"
        ],
        "Server-SB": [
          "Service-Bus-Resource-Provider/SN1"
        ],
        "Cache-Control": [
          "no-cache"
        ],
        "Server": [
          "Service-Bus-Resource-Provider/SN1",
          "Microsoft-HTTPAPI/2.0"
        ],
        "x-ms-ratelimit-remaining-subscription-writes": [
          "1193"
        ],
        "x-ms-correlation-request-id": [
          "5b757bad-c862-4e8e-b9d4-c7beea589ba4"
        ],
        "x-ms-routing-request-id": [
          "CENTRALUS:20161018T062801Z:5b757bad-c862-4e8e-b9d4-c7beea589ba4"
        ],
        "Strict-Transport-Security": [
          "max-age=31536000; includeSubDomains"
        ],
        "Date": [
          "Tue, 18 Oct 2016 06:28:01 GMT"
        ]
      },
      "StatusCode": 200
    },
    {
      "RequestUri": "/subscriptions/e2f361f0-3b27-4503-a9cc-21cfba380093/resourceGroups/Default-ServiceBus-WestUS/providers/Microsoft.EventHub/namespaces/pwr-Evnt-Namespace/eventhubs/EventHub11/authorizationRules/TestAuthRule?api-version=2015-08-01",
      "EncodedRequestUri": "L3N1YnNjcmlwdGlvbnMvZTJmMzYxZjAtM2IyNy00NTAzLWE5Y2MtMjFjZmJhMzgwMDkzL3Jlc291cmNlR3JvdXBzL0RlZmF1bHQtU2VydmljZUJ1cy1XZXN0VVMvcHJvdmlkZXJzL01pY3Jvc29mdC5FdmVudEh1Yi9uYW1lc3BhY2VzL3B3ci1Fdm50LU5hbWVzcGFjZS9ldmVudGh1YnMvRXZlbnRIdWIxMS9hdXRob3JpemF0aW9uUnVsZXMvVGVzdEF1dGhSdWxlP2FwaS12ZXJzaW9uPTIwMTUtMDgtMDE=",
      "RequestMethod": "DELETE",
      "RequestBody": "",
      "RequestHeaders": {
        "x-ms-client-request-id": [
          "dd50b5da-3450-49e3-b3f9-741f1f314d11"
        ],
        "accept-language": [
          "en-US"
        ],
        "User-Agent": [
          "Microsoft.Azure.Management.EventHub.EventHubManagementClient/0.0.1-preview"
        ]
      },
      "ResponseBody": "",
      "ResponseHeaders": {
        "Content-Length": [
          "0"
        ],
        "Expires": [
          "-1"
        ],
        "Pragma": [
          "no-cache"
        ],
        "x-ms-request-id": [
          "f9b0bf95-a444-43d1-9cec-0177e65e0e47_M3_M3"
        ],
        "Server-SB": [
          "Service-Bus-Resource-Provider/SN1"
        ],
        "Cache-Control": [
          "no-cache"
        ],
        "Server": [
          "Service-Bus-Resource-Provider/SN1",
          "Microsoft-HTTPAPI/2.0"
        ],
        "x-ms-ratelimit-remaining-subscription-writes": [
          "1192"
        ],
        "x-ms-correlation-request-id": [
          "276aad26-c915-4a1b-a460-6d19c36137cd"
        ],
        "x-ms-routing-request-id": [
          "CENTRALUS:20161018T062802Z:276aad26-c915-4a1b-a460-6d19c36137cd"
        ],
        "Strict-Transport-Security": [
          "max-age=31536000; includeSubDomains"
        ],
        "Date": [
          "Tue, 18 Oct 2016 06:28:02 GMT"
        ]
      },
      "StatusCode": 200
    },
    {
      "RequestUri": "/subscriptions/e2f361f0-3b27-4503-a9cc-21cfba380093/resourceGroups/Default-ServiceBus-WestUS/providers/Microsoft.EventHub/namespaces/pwr-Evnt-Namespace/eventhubs/EventHub11?api-version=2015-08-01",
      "EncodedRequestUri": "L3N1YnNjcmlwdGlvbnMvZTJmMzYxZjAtM2IyNy00NTAzLWE5Y2MtMjFjZmJhMzgwMDkzL3Jlc291cmNlR3JvdXBzL0RlZmF1bHQtU2VydmljZUJ1cy1XZXN0VVMvcHJvdmlkZXJzL01pY3Jvc29mdC5FdmVudEh1Yi9uYW1lc3BhY2VzL3B3ci1Fdm50LU5hbWVzcGFjZS9ldmVudGh1YnMvRXZlbnRIdWIxMT9hcGktdmVyc2lvbj0yMDE1LTA4LTAx",
      "RequestMethod": "DELETE",
      "RequestBody": "",
      "RequestHeaders": {
        "x-ms-client-request-id": [
          "140ca71d-97d8-47e0-bbd3-2250efc7e945"
        ],
        "accept-language": [
          "en-US"
        ],
        "User-Agent": [
          "Microsoft.Azure.Management.EventHub.EventHubManagementClient/0.0.1-preview"
        ]
      },
      "ResponseBody": "",
      "ResponseHeaders": {
        "Content-Length": [
          "0"
        ],
        "Expires": [
          "-1"
        ],
        "Pragma": [
          "no-cache"
        ],
        "Strict-Transport-Security": [
          "max-age=31536000; includeSubDomains"
        ],
        "Server-SB": [
          "Service-Bus-Resource-Provider/SN1"
        ],
        "Cache-Control": [
          "no-cache"
        ],
        "Server": [
          "Service-Bus-Resource-Provider/SN1",
          "Microsoft-HTTPAPI/2.0"
        ],
        "x-ms-ratelimit-remaining-subscription-writes": [
          "1191"
        ],
        "x-ms-request-id": [
          "1f223b45-032e-4c09-ab1e-6d25e6901d7c"
        ],
        "x-ms-correlation-request-id": [
          "1f223b45-032e-4c09-ab1e-6d25e6901d7c"
        ],
        "x-ms-routing-request-id": [
          "CENTRALUS:20161018T062803Z:1f223b45-032e-4c09-ab1e-6d25e6901d7c"
        ],
        "Date": [
          "Tue, 18 Oct 2016 06:28:03 GMT"
        ]
      },
      "StatusCode": 200
    },
    {
      "RequestUri": "/subscriptions/e2f361f0-3b27-4503-a9cc-21cfba380093/resourceGroups/Default-ServiceBus-WestUS/providers/Microsoft.EventHub/namespaces/pwr-Evnt-Namespace?api-version=2015-08-01",
      "EncodedRequestUri": "L3N1YnNjcmlwdGlvbnMvZTJmMzYxZjAtM2IyNy00NTAzLWE5Y2MtMjFjZmJhMzgwMDkzL3Jlc291cmNlR3JvdXBzL0RlZmF1bHQtU2VydmljZUJ1cy1XZXN0VVMvcHJvdmlkZXJzL01pY3Jvc29mdC5FdmVudEh1Yi9uYW1lc3BhY2VzL3B3ci1Fdm50LU5hbWVzcGFjZT9hcGktdmVyc2lvbj0yMDE1LTA4LTAx",
      "RequestMethod": "DELETE",
      "RequestBody": "",
      "RequestHeaders": {
        "x-ms-client-request-id": [
          "9c0c0eda-87a1-486e-80a0-0c09e19bee8b"
        ],
        "accept-language": [
          "en-US"
        ],
        "User-Agent": [
          "Microsoft.Azure.Management.EventHub.EventHubManagementClient/0.0.1-preview"
        ]
      },
      "ResponseBody": "",
      "ResponseHeaders": {
        "Content-Length": [
          "0"
        ],
        "Expires": [
          "-1"
        ],
        "Pragma": [
          "no-cache"
        ],
        "x-ms-request-id": [
          "6cdd34b9-da60-4dd6-b748-d94f8468addc_M3_M3"
        ],
        "Server-SB": [
          "Service-Bus-Resource-Provider/SN1"
        ],
        "Cache-Control": [
          "no-cache"
        ],
        "Location": [
          "https://management.azure.com/subscriptions/e2f361f0-3b27-4503-a9cc-21cfba380093/resourceGroups/Default-ServiceBus-WestUS/providers/Microsoft.EventHub/namespaces/pwr-Evnt-Namespace/operationresults/pwr-Evnt-Namespace?api-version=2015-08-01"
        ],
        "Server": [
          "Service-Bus-Resource-Provider/SN1",
          "Microsoft-HTTPAPI/2.0"
        ],
        "x-ms-ratelimit-remaining-subscription-writes": [
          "1190"
        ],
        "x-ms-correlation-request-id": [
          "e5681559-4f9f-4ead-8a09-5d731afd2f88"
        ],
        "x-ms-routing-request-id": [
          "CENTRALUS:20161018T062803Z:e5681559-4f9f-4ead-8a09-5d731afd2f88"
        ],
        "Strict-Transport-Security": [
          "max-age=31536000; includeSubDomains"
        ],
        "Date": [
          "Tue, 18 Oct 2016 06:28:03 GMT"
        ]
      },
      "StatusCode": 202
    },
    {
      "RequestUri": "/subscriptions/e2f361f0-3b27-4503-a9cc-21cfba380093/resourceGroups/Default-ServiceBus-WestUS/providers/Microsoft.EventHub/namespaces/pwr-Evnt-Namespace/operationresults/pwr-Evnt-Namespace?api-version=2015-08-01",
      "EncodedRequestUri": "L3N1YnNjcmlwdGlvbnMvZTJmMzYxZjAtM2IyNy00NTAzLWE5Y2MtMjFjZmJhMzgwMDkzL3Jlc291cmNlR3JvdXBzL0RlZmF1bHQtU2VydmljZUJ1cy1XZXN0VVMvcHJvdmlkZXJzL01pY3Jvc29mdC5FdmVudEh1Yi9uYW1lc3BhY2VzL3B3ci1Fdm50LU5hbWVzcGFjZS9vcGVyYXRpb25yZXN1bHRzL3B3ci1Fdm50LU5hbWVzcGFjZT9hcGktdmVyc2lvbj0yMDE1LTA4LTAx",
      "RequestMethod": "GET",
      "RequestBody": "",
      "RequestHeaders": {
        "User-Agent": [
          "Microsoft.Azure.Management.EventHub.EventHubManagementClient/0.0.1-preview"
        ]
      },
      "ResponseBody": "",
      "ResponseHeaders": {
        "Content-Length": [
          "0"
        ],
        "Expires": [
          "-1"
        ],
        "Pragma": [
          "no-cache"
        ],
        "x-ms-request-id": [
          "5a72e696-71b0-427d-a74e-5723bb372ef3_M3_M3"
        ],
        "Server-SB": [
          "Service-Bus-Resource-Provider/SN1"
        ],
        "Cache-Control": [
          "no-cache"
        ],
        "Server": [
          "Service-Bus-Resource-Provider/SN1",
          "Microsoft-HTTPAPI/2.0"
        ],
        "x-ms-ratelimit-remaining-subscription-reads": [
          "14983"
        ],
        "x-ms-correlation-request-id": [
          "88c531db-796b-436a-ab1b-f54e1b575d1c"
        ],
        "x-ms-routing-request-id": [
          "CENTRALUS:20161018T062833Z:88c531db-796b-436a-ab1b-f54e1b575d1c"
        ],
        "Strict-Transport-Security": [
          "max-age=31536000; includeSubDomains"
        ],
        "Date": [
          "Tue, 18 Oct 2016 06:28:33 GMT"
        ]
      },
      "StatusCode": 200
    }
  ],
  "Names": {},
  "Variables": {
    "SubscriptionId": "e2f361f0-3b27-4503-a9cc-21cfba380093"
  }
}